Archive member included to satisfy reference by file (symbol)

../Lib\libstm_startup.a(clock.o)
                              (--whole-archive)
../Lib\libstm_startup.a(system_stm32f0xx.o)
                              (--whole-archive)
C:/ST/STM32CubeIDE_1.15.1/STM32CubeIDE/plugins/com.st.stm32cube.ide.mcu.externaltools.gnu-tools-for-stm32.12.3.rel1.win32_1.0.100.202403111256/tools/bin/../lib/gcc/arm-none-eabi/12.3.1/../../../../arm-none-eabi/lib/thumb/v6-m/nofp\libc_nano.a(libc_a-exit.o)
                              C:/ST/STM32CubeIDE_1.15.1/STM32CubeIDE/plugins/com.st.stm32cube.ide.mcu.externaltools.gnu-tools-for-stm32.12.3.rel1.win32_1.0.100.202403111256/tools/bin/../lib/gcc/arm-none-eabi/12.3.1/../../../../arm-none-eabi/lib/thumb/v6-m/nofp/crt0.o (exit)
C:/ST/STM32CubeIDE_1.15.1/STM32CubeIDE/plugins/com.st.stm32cube.ide.mcu.externaltools.gnu-tools-for-stm32.12.3.rel1.win32_1.0.100.202403111256/tools/bin/../lib/gcc/arm-none-eabi/12.3.1/../../../../arm-none-eabi/lib/thumb/v6-m/nofp\libc_nano.a(libc_a-findfp.o)
                              C:/ST/STM32CubeIDE_1.15.1/STM32CubeIDE/plugins/com.st.stm32cube.ide.mcu.externaltools.gnu-tools-for-stm32.12.3.rel1.win32_1.0.100.202403111256/tools/bin/../lib/gcc/arm-none-eabi/12.3.1/../../../../arm-none-eabi/lib/thumb/v6-m/nofp\libc_nano.a(libc_a-exit.o) (__stdio_exit_handler)
C:/ST/STM32CubeIDE_1.15.1/STM32CubeIDE/plugins/com.st.stm32cube.ide.mcu.externaltools.gnu-tools-for-stm32.12.3.rel1.win32_1.0.100.202403111256/tools/bin/../lib/gcc/arm-none-eabi/12.3.1/../../../../arm-none-eabi/lib/thumb/v6-m/nofp\libc_nano.a(libc_a-fwalk.o)
                              C:/ST/STM32CubeIDE_1.15.1/STM32CubeIDE/plugins/com.st.stm32cube.ide.mcu.externaltools.gnu-tools-for-stm32.12.3.rel1.win32_1.0.100.202403111256/tools/bin/../lib/gcc/arm-none-eabi/12.3.1/../../../../arm-none-eabi/lib/thumb/v6-m/nofp\libc_nano.a(libc_a-findfp.o) (_fwalk_sglue)
C:/ST/STM32CubeIDE_1.15.1/STM32CubeIDE/plugins/com.st.stm32cube.ide.mcu.externaltools.gnu-tools-for-stm32.12.3.rel1.win32_1.0.100.202403111256/tools/bin/../lib/gcc/arm-none-eabi/12.3.1/../../../../arm-none-eabi/lib/thumb/v6-m/nofp\libc_nano.a(libc_a-sprintf.o)
                              ./Src/mpu6050.o (sprintf)
C:/ST/STM32CubeIDE_1.15.1/STM32CubeIDE/plugins/com.st.stm32cube.ide.mcu.externaltools.gnu-tools-for-stm32.12.3.rel1.win32_1.0.100.202403111256/tools/bin/../lib/gcc/arm-none-eabi/12.3.1/../../../../arm-none-eabi/lib/thumb/v6-m/nofp\libc_nano.a(libc_a-stdio.o)
                              C:/ST/STM32CubeIDE_1.15.1/STM32CubeIDE/plugins/com.st.stm32cube.ide.mcu.externaltools.gnu-tools-for-stm32.12.3.rel1.win32_1.0.100.202403111256/tools/bin/../lib/gcc/arm-none-eabi/12.3.1/../../../../arm-none-eabi/lib/thumb/v6-m/nofp\libc_nano.a(libc_a-findfp.o) (__sread)
C:/ST/STM32CubeIDE_1.15.1/STM32CubeIDE/plugins/com.st.stm32cube.ide.mcu.externaltools.gnu-tools-for-stm32.12.3.rel1.win32_1.0.100.202403111256/tools/bin/../lib/gcc/arm-none-eabi/12.3.1/../../../../arm-none-eabi/lib/thumb/v6-m/nofp\libc_nano.a(libc_a-memset.o)
                              C:/ST/STM32CubeIDE_1.15.1/STM32CubeIDE/plugins/com.st.stm32cube.ide.mcu.externaltools.gnu-tools-for-stm32.12.3.rel1.win32_1.0.100.202403111256/tools/bin/../lib/gcc/arm-none-eabi/12.3.1/../../../../arm-none-eabi/lib/thumb/v6-m/nofp/crt0.o (memset)
C:/ST/STM32CubeIDE_1.15.1/STM32CubeIDE/plugins/com.st.stm32cube.ide.mcu.externaltools.gnu-tools-for-stm32.12.3.rel1.win32_1.0.100.202403111256/tools/bin/../lib/gcc/arm-none-eabi/12.3.1/../../../../arm-none-eabi/lib/thumb/v6-m/nofp\libc_nano.a(libc_a-closer.o)
                              C:/ST/STM32CubeIDE_1.15.1/STM32CubeIDE/plugins/com.st.stm32cube.ide.mcu.externaltools.gnu-tools-for-stm32.12.3.rel1.win32_1.0.100.202403111256/tools/bin/../lib/gcc/arm-none-eabi/12.3.1/../../../../arm-none-eabi/lib/thumb/v6-m/nofp\libc_nano.a(libc_a-stdio.o) (_close_r)
C:/ST/STM32CubeIDE_1.15.1/STM32CubeIDE/plugins/com.st.stm32cube.ide.mcu.externaltools.gnu-tools-for-stm32.12.3.rel1.win32_1.0.100.202403111256/tools/bin/../lib/gcc/arm-none-eabi/12.3.1/../../../../arm-none-eabi/lib/thumb/v6-m/nofp\libc_nano.a(libc_a-reent.o)
                              C:/ST/STM32CubeIDE_1.15.1/STM32CubeIDE/plugins/com.st.stm32cube.ide.mcu.externaltools.gnu-tools-for-stm32.12.3.rel1.win32_1.0.100.202403111256/tools/bin/../lib/gcc/arm-none-eabi/12.3.1/../../../../arm-none-eabi/lib/thumb/v6-m/nofp\libc_nano.a(libc_a-closer.o) (errno)
C:/ST/STM32CubeIDE_1.15.1/STM32CubeIDE/plugins/com.st.stm32cube.ide.mcu.externaltools.gnu-tools-for-stm32.12.3.rel1.win32_1.0.100.202403111256/tools/bin/../lib/gcc/arm-none-eabi/12.3.1/../../../../arm-none-eabi/lib/thumb/v6-m/nofp\libc_nano.a(libc_a-impure.o)
[...]
Memory Configuration

Name             Origin             Length             Attributes
RAM              0x20000000         0x00008000         xrw
FLASH            0x08000000         0x00040000         xr
*default*        0x00000000         0xffffffff

Linker script and memory map

LOAD C:/ST/STM32CubeIDE_1.15.1/STM32CubeIDE/plugins/com.st.stm32cube.ide.mcu.externaltools.gnu-tools-for-stm32.12.3.rel1.win32_1.0.100.202403111256/tools/bin/../lib/gcc/arm-none-eabi/12.3.1/thumb/v6-m/nofp/crti.o
LOAD C:/ST/STM32CubeIDE_1.15.1/STM32CubeIDE/plugins/com.st.stm32cube.ide.mcu.externaltools.gnu-tools-for-stm32.12.3.rel1.win32_1.0.100.202403111256/tools/bin/../lib/gcc/arm-none-eabi/12.3.1/thumb/v6-m/nofp/crtbegin.o
LOAD C:/ST/STM32CubeIDE_1.15.1/STM32CubeIDE/plugins/com.st.stm32cube.ide.mcu.externaltools.gnu-tools-for-stm32.12.3.rel1.win32_1.0.100.202403111256/tools/bin/../lib/gcc/arm-none-eabi/12.3.1/../../../../arm-none-eabi/lib/thumb/v6-m/nofp/crt0.o
LOAD ./Src/12c.o
LOAD ./Src/main.o
LOAD ./Src/mpu6050.o
LOAD ./Src/pwm.o
LOAD ./Src/syscalls.o
LOAD ./Src/sysmem.o
LOAD ./Src/system_config.o
LOAD ./Src/uart.o
LOAD ./Startup/startup_stm32f091rctx.o
LOAD ../Lib\libstm_startup.a
START GROUP
LOAD C:/ST/STM32CubeIDE_1.15.1/STM32CubeIDE/plugins/com.st.stm32cube.ide.mcu.externaltools.gnu-tools-for-stm32.12.3.rel1.win32_1.0.100.202403111256/tools/bin/../lib/gcc/arm-none-eabi/12.3.1/../../../../arm-none-eabi/lib/thumb/v6-m/nofp\libc_nano.a
LOAD C:/ST/STM32CubeIDE_1.15.1/STM32CubeIDE/plugins/com.st.stm32cube.ide.mcu.externaltools.gnu-tools-for-stm32.12.3.rel1.win32_1.0.100.202403111256/tools/bin/../lib/gcc/arm-none-eabi/12.3.1/../../../../arm-none-eabi/lib/thumb/v6-m/nofp\libm.a
END GROUP
START GROUP
LOAD C:/ST/STM32CubeIDE_1.15.1/STM32CubeIDE/plugins/com.st.stm32cube.ide.mcu.externaltools.gnu-tools-for-stm32.12.3.rel1.win32_1.0.100.202403111256/tools/bin/../lib/gcc/arm-none-eabi/12.3.1/thumb/v6-m/nofp\libgcc.a
LOAD C:/ST/STM32CubeIDE_1.15.1/STM32CubeIDE/plugins/com.st.stm32cube.ide.mcu.externaltools.gnu-tools-for-stm32.12.3.rel1.win32_1.0.100.202403111256/tools/bin/../lib/gcc/arm-none-eabi/12.3.1/../../../../arm-none-eabi/lib/thumb/v6-m/nofp\libc_nano.a
END GROUP
START GROUP
LOAD C:/ST/STM32CubeIDE_1.15.1/STM32CubeIDE/plugins/com.st.stm32cube.ide.mcu.externaltools.gnu-tools-for-stm32.12.3.rel1.win32_1.0.100.202403111256/tools/bin/../lib/gcc/arm-none-eabi/12.3.1/thumb/v6-m/nofp\libgcc.a
LOAD C:/ST/STM32CubeIDE_1.15.1/STM32CubeIDE/plugins/com.st.stm32cube.ide.mcu.externaltools.gnu-tools-for-stm32.12.3.rel1.win32_1.0.100.202403111256/tools/bin/../lib/gcc/arm-none-eabi/12.3.1/../../../../arm-none-eabi/lib/thumb/v6-m/nofp\libc_nano.a
LOAD C:/ST/STM32CubeIDE_1.15.1/STM32CubeIDE/plugins/com.st.stm32cube.ide.mcu.externaltools.gnu-tools-for-stm32.12.3.rel1.win32_1.0.100.202403111256/tools/bin/../lib/gcc/arm-none-eabi/12.3.1/../../../../arm-none-eabi/lib/thumb/v6-m/nofp\libnosys.a
END GROUP
START GROUP
LOAD C:/ST/STM32CubeIDE_1.15.1/STM32CubeIDE/plugins/com.st.stm32cube.ide.mcu.externaltools.gnu-tools-for-stm32.12.3.rel1.win32_1.0.100.202403111256/tools/bin/../lib/gcc/arm-none-eabi/12.3.1/thumb/v6-m/nofp\libgcc.a
LOAD C:/ST/STM32CubeIDE_1.15.1/STM32CubeIDE/plugins/com.st.stm32cube.ide.mcu.externaltools.gnu-tools-for-stm32.12.3.rel1.win32_1.0.100.202403111256/tools/bin/../lib/gcc/arm-none-eabi/12.3.1/../../../../arm-none-eabi/lib/thumb/v6-m/nofp\libc_nano.a
LOAD C:/ST/STM32CubeIDE_1.15.1/STM32CubeIDE/plugins/com.st.stm32cube.ide.mcu.externaltools.gnu-tools-for-stm32.12.3.rel1.win32_1.0.100.202403111256/tools/bin/../lib/gcc/arm-none-eabi/12.3.1/../../../../arm-none-eabi/lib/thumb/v6-m/nofp\libnosys.a
END GROUP
LOAD C:/ST/STM32CubeIDE_1.15.1/STM32CubeIDE/plugins/com.st.stm32cube.ide.mcu.externaltools.gnu-tools-for-stm32.12.3.rel1.win32_1.0.100.202403111256/tools/bin/../lib/gcc/arm-none-eabi/12.3.1/thumb/v6-m/nofp/crtend.o
LOAD C:/ST/STM32CubeIDE_1.15.1/STM32CubeIDE/plugins/com.st.stm32cube.ide.mcu.externaltools.gnu-tools-for-stm32.12.3.rel1.win32_1.0.100.202403111256/tools/bin/../lib/gcc/arm-none-eabi/12.3.1/thumb/v6-m/nofp/crtn.o
                0x20008000                        _estack = (ORIGIN (RAM) + LENGTH (RAM))
                0x00000200                        _Min_Heap_Size = 0x200
                0x00000400                        _Min_Stack_Size = 0x400

.isr_vector     0x08000000       0xc0
                0x08000000                        . = ALIGN (0x4)
 *(.isr_vector)
 .isr_vector    0x08000000       0xc0 ./Startup/startup_stm32f091rctx.o
                0x08000000                g_pfnVectors
                0x080000c0                        . = ALIGN (0x4)

.text           0x080000c0     0x1ec4
                0x080000c0                        . = ALIGN (0x4)
 *(.text)
 .text          0x080000c0       0x48 C:/ST/STM32CubeIDE_1.15.1/STM32CubeIDE/plugins/com.st.stm32cube.ide.mcu.externaltools.gnu-tools-for-stm32.12.3.rel1.win32_1.0.100.202403111256/tools/bin/../lib/gcc/arm-none-eabi/12.3.1/thumb/v6-m/nofp/crtbegin.o
 .text          0x08000108       0x14 C:/ST/STM32CubeIDE_1.15.1/STM32CubeIDE/plugins/com.st.stm32cube.ide.mcu.externaltools.gnu-tools-for-stm32.12.3.rel1.win32_1.0.100.202403111256/tools/bin/../lib/gcc/arm-none-eabi/12.3.1/thumb/v6-m/nofp\libgcc.a(_thumb1_case_shi.o)
                0x08000108                __gnu_thumb1_case_shi
 .text          0x0800011c      0x114 C:/ST/STM32CubeIDE_1.15.1/STM32CubeIDE/plugins/com.st.stm32cube.ide.mcu.externaltools.gnu-tools-for-stm32.12.3.rel1.win32_1.0.100.202403111256/tools/bin/../lib/gcc/arm-none-eabi/12.3.1/thumb/v6-m/nofp\libgcc.a(_udivsi3.o)
                0x0800011c                __aeabi_uidiv
                0x0800011c                __udivsi3
                0x08000228                __aeabi_uidivmod
 .text          0x08000230        0x4 C:/ST/STM32CubeIDE_1.15.1/STM32CubeIDE/plugins/com.st.stm32cube.ide.mcu.externaltools.gnu-tools-for-stm32.12.3.rel1.win32_1.0.100.202403111256/tools/bin/../lib/gcc/arm-none-eabi/12.3.1/thumb/v6-m/nofp\libgcc.a(_dvmd_tls.o)
                0x08000230                __aeabi_idiv0
                0x08000230                __aeabi_ldiv0
 *(.text*)
 .text.I2C_Init
                0x08000234       0xac ./Src/12c.o
                0x08000234                I2C_Init
 .text.I2C_Write
                0x080002e0       0xb0 ./Src/12c.o
                0x080002e0                I2C_Write
 .text.I2C_ReadMultiple
                0x08000390       0xf8 ./Src/12c.o
                0x08000390                I2C_ReadMultiple
 .text.__NVIC_EnableIRQ
                0x08000488       0x34 ./Src/main.o
 .text.Timer_Init
                0x080004bc       0x40 ./Src/main.o
 .text.main     0x080004fc       0x50 ./Src/main.o
                0x080004fc                main
 .text.TIM3_IRQHandler
                0x0800054c       0x60 ./Src/main.o
                0x0800054c                TIM3_IRQHandler
 .text.UART_ProcessCommand
                0x080005ac       0xf4 ./Src/main.o
                0x080005ac                UART_ProcessCommand
 .text.set_together_int16
                0x080006a0       0x2c ./Src/mpu6050.o
                0x080006a0                set_together_int16
 .text.GetRawData
                0x080006cc       0x90 ./Src/mpu6050.o
                0x080006cc                GetRawData
 .text.calibrateMPU6050
                0x0800075c      0x29c ./Src/mpu6050.o
                0x0800075c                calibrateMPU6050
 .text.detectMotion
                0x080009f8      0x188 ./Src/mpu6050.o
                0x080009f8                detectMotion
 .text.mpu6050_init
                0x08000b80       0x8c ./Src/mpu6050.o
                0x08000b80                mpu6050_init
 .text.EXTI4_15_IRQHandler
                0x08000c0c       0x88 ./Src/mpu6050.o
                0x08000c0c                EXTI4_15_IRQHandler
 .text.PWM_Init
                0x08000c94       0xe4 ./Src/pwm.o
                0x08000c94                PWM_Init
 .text.PWM_SetTone
                0x08000d78       0x28 ./Src/pwm.o
                0x08000d78                PWM_SetTone
 .text.PlayAlertTone
                0x08000da0       0x28 ./Src/pwm.o
                0x08000da0                PlayAlertTone
 .text._sbrk    0x08000dc8       0x6c ./Src/sysmem.o
                0x08000dc8                _sbrk
 .text.__NVIC_EnableIRQ
                0x08000e34       0x34 ./Src/system_config.o
 .text.__NVIC_SetPriority
                0x08000e68       0xdc ./Src/system_config.o
 .text.SystemClock_Config
                0x08000f44       0x9c ./Src/system_config.o
                0x08000f44                SystemClock_Config
 .text.GPIO_Init
                0x08000fe0       0x70 ./Src/system_config.o
                0x08000fe0                GPIO_Init
 .text.EXTI_Init
                0x08001050       0x64 ./Src/system_config.o
                0x08001050                EXTI_Init
 .text.Delay    0x080010b4       0x20 ./Src/system_config.o
                0x080010b4                Delay
 .text.__NVIC_EnableIRQ
                0x080010d4       0x34 ./Src/uart.o
 .text.__NVIC_SetPriority
                0x08001108       0xdc ./Src/uart.o
 .text.UART_Initialize
                0x080011e4       0x90 ./Src/uart.o
                0x080011e4                UART_Initialize
 .text.UART_PrintString
                0x08001274       0x38 ./Src/uart.o
                0x08001274                UART_PrintString
 .text.UART_PrintHex
                0x080012ac       0x6c ./Src/uart.o
                0x080012ac                UART_PrintHex
 .text.UART_HandleBackspace
                0x08001318       0x18 ./Src/uart.o
                0x08001318                UART_HandleBackspace
 .text.UART_ShowMenu
                0x08001330       0x18 ./Src/uart.o
                0x08001330                UART_ShowMenu
 .text.UART_AlertMovement
                0x08001348       0x24 ./Src/uart.o
                0x08001348                UART_AlertMovement
 .text.USART2_IRQHandler
                0x0800136c       0x54 ./Src/uart.o
                0x0800136c                USART2_IRQHandler
 .text.Reset_Handler
                0x080013c0       0x54 ./Startup/startup_stm32f091rctx.o
                0x080013c0                Reset_Handler
 .text.Default_Handler
                0x08001414        0x2 ./Startup/startup_stm32f091rctx.o
                0x08001414                DMA1_CH4_5_6_7_DMA2_CH3_4_5_IRQHandler
                0x08001414                TIM1_CC_IRQHandler
                0x08001414                TSC_IRQHandler
                0x08001414                HardFault_Handler
                0x08001414                SysTick_Handler
                0x08001414                PVD_IRQHandler
                0x08001414                PendSV_Handler
                0x08001414                NMI_Handler
                0x08001414                I2C1_IRQHandler
                0x08001414                RCC_CRS_IRQHandler
                0x08001414                SPI1_IRQHandler
                0x08001414                TIM6_DAC_IRQHandler
                0x08001414                EXTI2_3_IRQHandler
                0x08001414                I2C2_IRQHandler
                0x08001414                TIM17_IRQHandler
                0x08001414                CEC_CAN_IRQHandler
                0x08001414                RTC_IRQHandler
                0x08001414                TIM16_IRQHandler
                0x08001414                Default_Handler
                0x08001414                DMA1_CH2_3_DMA2_CH1_2_IRQHandler
                0x08001414                TIM14_IRQHandler
                0x08001414                TIM7_IRQHandler
                0x08001414                TIM15_IRQHandler
                0x08001414                EXTI0_1_IRQHandler
                0x08001414                USB_IRQHandler
                0x08001414                SPI2_IRQHandler
                0x08001414                DMA1_CH1_IRQHandler
                0x08001414                SVC_Handler
                0x08001414                WWDG_IRQHandler
                0x08001414                TIM2_IRQHandler
                0x08001414                ADC_COMP_IRQHandler
                0x08001414                USART3_4_5_6_7_8_IRQHandler
                0x08001414                FLASH_IRQHandler
                0x08001414                USART1_IRQHandler
                0x08001414                TIM1_BRK_UP_TRG_COM_IRQHandler
 *fill*         0x08001416        0x2 
 .text.Set_Clocks_To_48MHz
                0x08001418       0x7c ../Lib\libstm_startup.a(clock.o)
                0x08001418                Set_Clocks_To_48MHz
 .text.SystemInit
                0x08001494       0x8c ../Lib\libstm_startup.a(system_stm32f0xx.o)
                0x08001494                SystemInit
 .text.SystemCoreClockUpdate
                0x08001520      0x120 ../Lib\libstm_startup.a(system_stm32f0xx.o)
                0x08001520                SystemCoreClockUpdate
 .text.sprintf  0x08001640       0x40 C:/ST/STM32CubeIDE_1.15.1/STM32CubeIDE/plugins/com.st.stm32cube.ide.mcu.externaltools.gnu-tools-for-stm32.12.3.rel1.win32_1.0.100.202403111256/tools/bin/../lib/gcc/arm-none-eabi/12.3.1/../../../../arm-none-eabi/lib/thumb/v6-m/nofp\libc_nano.a(libc_a-sprintf.o)
                0x08001640                siprintf
                0x08001640                sprintf
 .text.__errno  0x08001680        0xc C:/ST/STM32CubeIDE_1.15.1/STM32CubeIDE/plugins/com.st.stm32cube.ide.mcu.externaltools.gnu-tools-for-stm32.12.3.rel1.win32_1.0.100.202403111256/tools/bin/../lib/gcc/arm-none-eabi/12.3.1/../../../../arm-none-eabi/lib/thumb/v6-m/nofp\libc_nano.a(libc_a-errno.o)
                0x08001680                __errno
 .text.__libc_init_array
                0x0800168c       0x48 C:/ST/STM32CubeIDE_1.15.1/STM32CubeIDE/plugins/com.st.stm32cube.ide.mcu.externaltools.gnu-tools-for-stm32.12.3.rel1.win32_1.0.100.202403111256/tools/bin/../lib/gcc/arm-none-eabi/12.3.1/../../../../arm-none-eabi/lib/thumb/v6-m/nofp\libc_nano.a(libc_a-init.o)
                0x0800168c                __libc_init_array
 .text.__retarget_lock_acquire_recursive
                0x080016d4        0x2 C:/ST/STM32CubeIDE_1.15.1/STM32CubeIDE/plugins/com.st.stm32cube.ide.mcu.externaltools.gnu-tools-for-stm32.12.3.rel1.win32_1.0.100.202403111256/tools/bin/../lib/gcc/arm-none-eabi/12.3.1/../../../../arm-none-eabi/lib/thumb/v6-m/nofp\libc_nano.a(libc_a-lock.o)
                0x080016d4                __retarget_lock_acquire_recursive
 .text.__retarget_lock_release_recursive
                0x080016d6        0x2 C:/ST/STM32CubeIDE_1.15.1/STM32CubeIDE/plugins/com.st.stm32cube.ide.mcu.externaltools.gnu-tools-for-stm32.12.3.rel1.win32_1.0.100.202403111256/tools/bin/../lib/gcc/arm-none-eabi/12.3.1/../../../../arm-none-eabi/lib/thumb/v6-m/nofp\libc_nano.a(libc_a-lock.o)
                0x080016d6                __retarget_lock_release_recursive
 .text._free_r  0x080016d8       0x94 C:/ST/STM32CubeIDE_1.15.1/STM32CubeIDE/plugins/com.st.stm32cube.ide.mcu.externaltools.gnu-tools-for-stm32.12.3.rel1.win32_1.0.100.202403111256/tools/bin/../lib/gcc/arm-none-eabi/12.3.1/../../../../arm-none-eabi/lib/thumb/v6-m/nofp\libc_nano.a(libc_a-freer.o)
                0x080016d8                _free_r
 .text.sbrk_aligned
                0x0800176c       0x44 C:/ST/STM32CubeIDE_1.15.1/STM32CubeIDE/plugins/com.st.stm32cube.ide.mcu.externaltools.gnu-tools-for-stm32.12.3.rel1.win32_1.0.100.202403111256/tools/bin/../lib/gcc/arm-none-eabi/12.3.1/../../../../arm-none-eabi/lib/thumb/v6-m/nofp\libc_nano.a(libc_a-mallocr.o)
 .text._malloc_r
                0x080017b0      0x100 C:/ST/STM32CubeIDE_1.15.1/STM32CubeIDE/plugins/com.st.stm32cube.ide.mcu.externaltools.gnu-tools-for-stm32.12.3.rel1.win32_1.0.100.202403111256/tools/bin/../lib/gcc/arm-none-eabi/12.3.1/../../../../arm-none-eabi/lib/thumb/v6-m/nofp\libc_nano.a(libc_a-mallocr.o)
                0x080017b0                _malloc_r
 .text.__malloc_lock
                0x080018b0       0x10 C:/ST/STM32CubeIDE_1.15.1/STM32CubeIDE/plugins/com.st.stm32cube.ide.mcu.externaltools.gnu-tools-for-stm32.12.3.rel1.win32_1.0.100.202403111256/tools/bin/../lib/gcc/arm-none-eabi/12.3.1/../../../../arm-none-eabi/lib/thumb/v6-m/nofp\libc_nano.a(libc_a-mlock.o)
                0x080018b0                __malloc_lock
 .text.__malloc_unlock
                0x080018c0       0x10 C:/ST/STM32CubeIDE_1.15.1/STM32CubeIDE/plugins/com.st.stm32cube.ide.mcu.externaltools.gnu-tools-for-stm32.12.3.rel1.win32_1.0.100.202403111256/tools/bin/../lib/gcc/arm-none-eabi/12.3.1/../../../../arm-none-eabi/lib/thumb/v6-m/nofp\libc_nano.a(libc_a-mlock.o)
                0x080018c0                __malloc_unlock
 .text.__ssputs_r
                0x080018d0       0xc0 C:/ST/STM32CubeIDE_1.15.1/STM32CubeIDE/plugins/com.st.stm32cube.ide.mcu.externaltools.gnu-tools-for-stm32.12.3.rel1.win32_1.0.100.202403111256/tools/bin/../lib/gcc/arm-none-eabi/12.3.1/../../../../arm-none-eabi/lib/thumb/v6-m/nofp\libc_nano.a(libc_a-nano-svfprintf.o)
                0x080018d0                __ssputs_r
 .text._svfprintf_r
                0x08001990      0x1fc C:/ST/STM32CubeIDE_1.15.1/STM32CubeIDE/plugins/com.st.stm32cube.ide.mcu.externaltools.gnu-tools-for-stm32.12.3.rel1.win32_1.0.100.202403111256/tools/bin/../lib/gcc/arm-none-eabi/12.3.1/../../../../arm-none-eabi/lib/thumb/v6-m/nofp\libc_nano.a(libc_a-nano-svfprintf.o)
                0x08001990                _svfiprintf_r
                0x08001990                _svfprintf_r
 .text._printf_common
                0x08001b8c       0xde C:/ST/STM32CubeIDE_1.15.1/STM32CubeIDE/plugins/com.st.stm32cube.ide.mcu.externaltools.gnu-tools-for-stm32.12.3.rel1.win32_1.0.100.202403111256/tools/bin/../lib/gcc/arm-none-eabi/12.3.1/../../../../arm-none-eabi/lib/thumb/v6-m/nofp\libc_nano.a(libc_a-nano-vfprintf_i.o)
                0x08001b8c                _printf_common
 *fill*         0x08001c6a        0x2 
 .text._printf_i
                0x08001c6c      0x21c C:/ST/STM32CubeIDE_1.15.1/STM32CubeIDE/plugins/com.st.stm32cube.ide.mcu.externaltools.gnu-tools-for-stm32.12.3.rel1.win32_1.0.100.202403111256/tools/bin/../lib/gcc/arm-none-eabi/12.3.1/../../../../arm-none-eabi/lib/thumb/v6-m/nofp\libc_nano.a(libc_a-nano-vfprintf_i.o)
                0x08001c6c                _printf_i
 .text.memmove  0x08001e88       0x26 C:/ST/STM32CubeIDE_1.15.1/STM32CubeIDE/plugins/com.st.stm32cube.ide.mcu.externaltools.gnu-tools-for-stm32.12.3.rel1.win32_1.0.100.202403111256/tools/bin/../lib/gcc/arm-none-eabi/12.3.1/../../../../arm-none-eabi/lib/thumb/v6-m/nofp\libc_nano.a(libc_a-memmove.o)
                0x08001e88                memmove
 *fill*         0x08001eae        0x2 
 .text._sbrk_r  0x08001eb0       0x24 C:/ST/STM32CubeIDE_1.15.1/STM32CubeIDE/plugins/com.st.stm32cube.ide.mcu.externaltools.gnu-tools-for-stm32.12.3.rel1.win32_1.0.100.202403111256/tools/bin/../lib/gcc/arm-none-eabi/12.3.1/../../../../arm-none-eabi/lib/thumb/v6-m/nofp\libc_nano.a(libc_a-sbrkr.o)
                0x08001eb0                _sbrk_r
 .text.memchr   0x08001ed4       0x16 C:/ST/STM32CubeIDE_1.15.1/STM32CubeIDE/plugins/com.st.stm32cube.ide.mcu.externaltools.gnu-tools-for-stm32.12.3.rel1.win32_1.0.100.202403111256/tools/bin/../lib/gcc/arm-none-eabi/12.3.1/../../../../arm-none-eabi/lib/thumb/v6-m/nofp\libc_nano.a(libc_a-memchr-stub.o)
                0x08001ed4                memchr
 .text.memcpy   0x08001eea       0x12 C:/ST/STM32CubeIDE_1.15.1/STM32CubeIDE/plugins/com.st.stm32cube.ide.mcu.externaltools.gnu-tools-for-stm32.12.3.rel1.win32_1.0.100.202403111256/tools/bin/../lib/gcc/arm-none-eabi/12.3.1/../../../../arm-none-eabi/lib/thumb/v6-m/nofp\libc_nano.a(libc_a-memcpy-stub.o)
                0x08001eea                memcpy
 .text._realloc_r
                0x08001efc       0x5e C:/ST/STM32CubeIDE_1.15.1/STM32CubeIDE/plugins/com.st.stm32cube.ide.mcu.externaltools.gnu-tools-for-stm32.12.3.rel1.win32_1.0.100.202403111256/tools/bin/../lib/gcc/arm-none-eabi/12.3.1/../../../../arm-none-eabi/lib/thumb/v6-m/nofp\libc_nano.a(libc_a-reallocr.o)
                0x08001efc                _realloc_r
 .text._malloc_usable_size_r
                0x08001f5a       0x10 C:/ST/STM32CubeIDE_1.15.1/STM32CubeIDE/plugins/com.st.stm32cube.ide.mcu.externaltools.gnu-tools-for-stm32.12.3.rel1.win32_1.0.100.202403111256/tools/bin/../lib/gcc/arm-none-eabi/12.3.1/../../../../arm-none-eabi/lib/thumb/v6-m/nofp\libc_nano.a(libc_a-msizer.o)
                0x08001f5a                _malloc_usable_size_r
 *(.glue_7)
 .glue_7        0x08001f6a        0x0 linker stubs
 *(.glue_7t)
 .glue_7t       0x08001f6a        0x0 linker stubs
 *(.eh_frame)
 *fill*         0x08001f6a        0x2 
 .eh_frame      0x08001f6c        0x0 C:/ST/STM32CubeIDE_1.15.1/STM32CubeIDE/plugins/com.st.stm32cube.ide.mcu.externaltools.gnu-tools-for-stm32.12.3.rel1.win32_1.0.100.202403111256/tools/bin/../lib/gcc/arm-none-eabi/12.3.1/thumb/v6-m/nofp/crtbegin.o
 *(.init)
 .init          0x08001f6c        0x4 C:/ST/STM32CubeIDE_1.15.1/STM32CubeIDE/plugins/com.st.stm32cube.ide.mcu.externaltools.gnu-tools-for-stm32.12.3.rel1.win32_1.0.100.202403111256/tools/bin/../lib/gcc/arm-none-eabi/12.3.1/thumb/v6-m/nofp/crti.o
                0x08001f6c                _init
 .init          0x08001f70        0x8 C:/ST/STM32CubeIDE_1.15.1/STM32CubeIDE/plugins/com.st.stm32cube.ide.mcu.externaltools.gnu-tools-for-stm32.12.3.rel1.win32_1.0.100.202403111256/tools/bin/../lib/gcc/arm-none-eabi/12.3.1/thumb/v6-m/nofp/crtn.o
 *(.fini)
 .fini          0x08001f78        0x4 C:/ST/STM32CubeIDE_1.15.1/STM32CubeIDE/plugins/com.st.stm32cube.ide.mcu.externaltools.gnu-tools-for-stm32.12.3.rel1.win32_1.0.100.202403111256/tools/bin/../lib/gcc/arm-none-eabi/12.3.1/thumb/v6-m/nofp/crti.o
                0x08001f78                _fini
 .fini          0x08001f7c        0x8 C:/ST/STM32CubeIDE_1.15.1/STM32CubeIDE/plugins/com.st.stm32cube.ide.mcu.externaltools.gnu-tools-for-stm32.12.3.rel1.win32_1.0.100.202403111256/tools/bin/../lib/gcc/arm-none-eabi/12.3.1/thumb/v6-m/nofp/crtn.o
                0x08001f84                        . = ALIGN (0x4)
                0x08001f84                        _etext = .

.vfp11_veneer   0x08001f84        0x0
 .vfp11_veneer  0x08001f84        0x0 linker stubs

.v4_bx          0x08001f84        0x0
 .v4_bx         0x08001f84        0x0 linker stubs

.iplt           0x08001f84        0x0
 .iplt          0x08001f84        0x0 C:/ST/STM32CubeIDE_1.15.1/STM32CubeIDE/plugins/com.st.stm32cube.ide.mcu.externaltools.gnu-tools-for-stm32.12.3.rel1.win32_1.0.100.202403111256/tools/bin/../lib/gcc/arm-none-eabi/12.3.1/thumb/v6-m/nofp/crtbegin.o

.rodata         0x08001f84      0x514
                0x08001f84                        . = ALIGN (0x4)
 *(.rodata)
 .rodata        0x08001f84      0x1ad ./Src/main.o
 *fill*         0x08002131        0x3 
 .rodata        0x08002134      0x205 ./Src/mpu6050.o
 *fill*         0x08002339        0x3 
 .rodata        0x0800233c      0x118 ./Src/uart.o
 *(.rodata*)
 .rodata.AHBPrescTable
                0x08002454       0x10 ../Lib\libstm_startup.a(system_stm32f0xx.o)
                0x08002454                AHBPrescTable
 .rodata._svfprintf_r.str1.1
                0x08002464       0x11 C:/ST/STM32CubeIDE_1.15.1/STM32CubeIDE/plugins/com.st.stm32cube.ide.mcu.externaltools.gnu-tools-for-stm32.12.3.rel1.win32_1.0.100.202403111256/tools/bin/../lib/gcc/arm-none-eabi/12.3.1/../../../../arm-none-eabi/lib/thumb/v6-m/nofp\libc_nano.a(libc_a-nano-svfprintf.o)
 .rodata._printf_i.str1.1
                0x08002475       0x22 C:/ST/STM32CubeIDE_1.15.1/STM32CubeIDE/plugins/com.st.stm32cube.ide.mcu.externaltools.gnu-tools-for-stm32.12.3.rel1.win32_1.0.100.202403111256/tools/bin/../lib/gcc/arm-none-eabi/12.3.1/../../../../arm-none-eabi/lib/thumb/v6-m/nofp\libc_nano.a(libc_a-nano-vfprintf_i.o)
                0x08002498                        . = ALIGN (0x4)
 *fill*         0x08002497        0x1 

.ARM.extab      0x08002498        0x0
                0x08002498                        . = ALIGN (0x4)
 *(.ARM.extab* .gnu.linkonce.armextab.*)
                0x08002498                        . = ALIGN (0x4)

.ARM            0x08002498        0x0
                0x08002498                        . = ALIGN (0x4)
                0x08002498                        __exidx_start = .
 *(.ARM.exidx*)
                0x08002498                        __exidx_end = .
                0x08002498                        . = ALIGN (0x4)

.preinit_array  0x08002498        0x0
                0x08002498                        . = ALIGN (0x4)
                0x08002498                        PROVIDE (__preinit_array_start = .)
 *(.preinit_array*)
                0x08002498                        PROVIDE (__preinit_array_end = .)
                0x08002498                        . = ALIGN (0x4)

.init_array     0x08002498        0x4
                0x08002498                        . = ALIGN (0x4)
                0x08002498                        PROVIDE (__init_array_start = .)
 *(SORT_BY_NAME(.init_array.*))
 *(.init_array*)
 .init_array    0x08002498        0x4 C:/ST/STM32CubeIDE_1.15.1/STM32CubeIDE/plugins/com.st.stm32cube.ide.mcu.externaltools.gnu-tools-for-stm32.12.3.rel1.win32_1.0.100.202403111256/tools/bin/../lib/gcc/arm-none-eabi/12.3.1/thumb/v6-m/nofp/crtbegin.o
                0x0800249c                        PROVIDE (__init_array_end = .)
                0x0800249c                        . = ALIGN (0x4)

.fini_array     0x0800249c        0x4
                0x0800249c                        . = ALIGN (0x4)
                [!provide]                        PROVIDE (__fini_array_start = .)
 *(SORT_BY_NAME(.fini_array.*))
 *(.fini_array*)
 .fini_array    0x0800249c        0x4 C:/ST/STM32CubeIDE_1.15.1/STM32CubeIDE/plugins/com.st.stm32cube.ide.mcu.externaltools.gnu-tools-for-stm32.12.3.rel1.win32_1.0.100.202403111256/tools/bin/../lib/gcc/arm-none-eabi/12.3.1/thumb/v6-m/nofp/crtbegin.o
                [!provide]                        PROVIDE (__fini_array_end = .)
                0x080024a0                        . = ALIGN (0x4)
                0x080024a0                        _sidata = LOADADDR (.data)

.rel.dyn        0x080024a0        0x0
 .rel.iplt      0x080024a0        0x0 C:/ST/STM32CubeIDE_1.15.1/STM32CubeIDE/plugins/com.st.stm32cube.ide.mcu.externaltools.gnu-tools-for-stm32.12.3.rel1.win32_1.0.100.202403111256/tools/bin/../lib/gcc/arm-none-eabi/12.3.1/thumb/v6-m/nofp/crtbegin.o

.data           0x20000000       0x64 load address 0x080024a0
                0x20000000                        . = ALIGN (0x4)
                0x20000000                        _sdata = .
 *(.data)
 *(.data*)
 .data.min_x    0x20000000        0x2 ./Src/mpu6050.o
                0x20000000                min_x
 .data.max_x    0x20000002        0x2 ./Src/mpu6050.o
                0x20000002                max_x
 .data.min_y    0x20000004        0x2 ./Src/mpu6050.o
                0x20000004                min_y
 .data.max_y    0x20000006        0x2 ./Src/mpu6050.o
                0x20000006                max_y
 .data.min_z    0x20000008        0x2 ./Src/mpu6050.o
                0x20000008                min_z
 .data.max_z    0x2000000a        0x2 ./Src/mpu6050.o
                0x2000000a                max_z
 .data.MENU_TEXT
                0x2000000c        0x4 ./Src/uart.o
 .data.SystemCoreClock
                0x20000010        0x4 ../Lib\libstm_startup.a(system_stm32f0xx.o)
                0x20000010                SystemCoreClock
 .data._impure_ptr
                0x20000014        0x4 C:/ST/STM32CubeIDE_1.15.1/STM32CubeIDE/plugins/com.st.stm32cube.ide.mcu.externaltools.gnu-tools-for-stm32.12.3.rel1.win32_1.0.100.202403111256/tools/bin/../lib/gcc/arm-none-eabi/12.3.1/../../../../arm-none-eabi/lib/thumb/v6-m/nofp\libc_nano.a(libc_a-impure.o)
                0x20000014                _impure_ptr
 .data._impure_data
                0x20000018       0x4c C:/ST/STM32CubeIDE_1.15.1/STM32CubeIDE/plugins/com.st.stm32cube.ide.mcu.externaltools.gnu-tools-for-stm32.12.3.rel1.win32_1.0.100.202403111256/tools/bin/../lib/gcc/arm-none-eabi/12.3.1/../../../../arm-none-eabi/lib/thumb/v6-m/nofp\libc_nano.a(libc_a-impure.o)
                0x20000018                _impure_data
 *(.RamFunc)
 *(.RamFunc*)
                0x20000064                        . = ALIGN (0x4)
                0x20000064                        _edata = .

.igot.plt       0x20000064        0x0 load address 0x08002504
 .igot.plt      0x20000064        0x0 C:/ST/STM32CubeIDE_1.15.1/STM32CubeIDE/plugins/com.st.stm32cube.ide.mcu.externaltools.gnu-tools-for-stm32.12.3.rel1.win32_1.0.100.202403111256/tools/bin/../lib/gcc/arm-none-eabi/12.3.1/thumb/v6-m/nofp/crtbegin.o
                0x20000064                        . = ALIGN (0x4)

.bss            0x20000064      0x174 load address 0x08002504
                0x20000064                        _sbss = .
                0x20000064                        __bss_start__ = _sbss
 *(.bss)
 .bss           0x20000064       0x1c C:/ST/STM32CubeIDE_1.15.1/STM32CubeIDE/plugins/com.st.stm32cube.ide.mcu.externaltools.gnu-tools-for-stm32.12.3.rel1.win32_1.0.100.202403111256/tools/bin/../lib/gcc/arm-none-eabi/12.3.1/thumb/v6-m/nofp/crtbegin.o
 *(.bss*)
 .bss.is_monitoring
                0x20000080        0x1 ./Src/main.o
 .bss.alert_triggered
                0x20000081        0x1 ./Src/main.o
 .bss.print_values
                0x20000082        0x1 ./Src/main.o
 .bss.is_alarm_active
                0x20000083        0x1 ./Src/mpu6050.o
                0x20000083                is_alarm_active
 .bss.last_interrupt_time.0
                0x20000084        0x4 ./Src/mpu6050.o
 .bss.__sbrk_heap_end
                0x20000088        0x4 ./Src/sysmem.o
 .bss.menu_mode
                0x2000008c        0x1 ./Src/uart.o
 *fill*         0x2000008d        0x3 
 .bss.__sf      0x20000090      0x138 C:/ST/STM32CubeIDE_1.15.1/STM32CubeIDE/plugins/com.st.stm32cube.ide.mcu.externaltools.gnu-tools-for-stm32.12.3.rel1.win32_1.0.100.202403111256/tools/bin/../lib/gcc/arm-none-eabi/12.3.1/../../../../arm-none-eabi/lib/thumb/v6-m/nofp\libc_nano.a(libc_a-findfp.o)
                0x20000090                __sf
 .bss.errno     0x200001c8        0x4 C:/ST/STM32CubeIDE_1.15.1/STM32CubeIDE/plugins/com.st.stm32cube.ide.mcu.externaltools.gnu-tools-for-stm32.12.3.rel1.win32_1.0.100.202403111256/tools/bin/../lib/gcc/arm-none-eabi/12.3.1/../../../../arm-none-eabi/lib/thumb/v6-m/nofp\libc_nano.a(libc_a-reent.o)
                0x200001c8                errno
 .bss.__lock___malloc_recursive_mutex
                0x200001cc        0x1 C:/ST/STM32CubeIDE_1.15.1/STM32CubeIDE/plugins/com.st.stm32cube.ide.mcu.externaltools.gnu-tools-for-stm32.12.3.rel1.win32_1.0.100.202403111256/tools/bin/../lib/gcc/arm-none-eabi/12.3.1/../../../../arm-none-eabi/lib/thumb/v6-m/nofp\libc_nano.a(libc_a-lock.o)
                0x200001cc                __lock___malloc_recursive_mutex
 *fill*         0x200001cd        0x3 
 .bss.__malloc_sbrk_start
                0x200001d0        0x4 C:/ST/STM32CubeIDE_1.15.1/STM32CubeIDE/plugins/com.st.stm32cube.ide.mcu.externaltools.gnu-tools-for-stm32.12.3.rel1.win32_1.0.100.202403111256/tools/bin/../lib/gcc/arm-none-eabi/12.3.1/../../../../arm-none-eabi/lib/thumb/v6-m/nofp\libc_nano.a(libc_a-mallocr.o)
                0x200001d0                __malloc_sbrk_start
 .bss.__malloc_free_list
                0x200001d4        0x4 C:/ST/STM32CubeIDE_1.15.1/STM32CubeIDE/plugins/com.st.stm32cube.ide.mcu.externaltools.gnu-tools-for-stm32.12.3.rel1.win32_1.0.100.202403111256/tools/bin/../lib/gcc/arm-none-eabi/12.3.1/../../../../arm-none-eabi/lib/thumb/v6-m/nofp\libc_nano.a(libc_a-mallocr.o)
                0x200001d4                __malloc_free_list
 *(COMMON)
                0x200001d8                        . = ALIGN (0x4)
                0x200001d8                        _ebss = .
                0x200001d8                        __bss_end__ = _ebss

._user_heap_stack
                0x200001d8      0x600 load address 0x08002504
                0x200001d8                        . = ALIGN (0x8)
                [!provide]                        PROVIDE (end = .)
                0x200001d8                        PROVIDE (_end = .)
                0x200003d8                        . = (. + _Min_Heap_Size)
 *fill*         0x200001d8      0x200 
                0x200007d8                        . = (. + _Min_Stack_Size)
 *fill*         0x200003d8      0x400 
                0x200007d8                        . = ALIGN (0x8)

/DISCARD/
 libc.a(*)
 libm.a(*)
 libgcc.a(*)

.ARM.attributes
                0x00000000       0x28
 *(.ARM.attributes)
 .ARM.attributes
                0x00000000       0x1e C:/ST/STM32CubeIDE_1.15.1/STM32CubeIDE/plugins/com.st.stm32cube.ide.mcu.externaltools.gnu-tools-for-stm32.12.3.rel1.win32_1.0.100.202403111256/tools/bin/../lib/gcc/arm-none-eabi/12.3.1/thumb/v6-m/nofp/crti.o
 .ARM.attributes
                0x0000001e       0x2c C:/ST/STM32CubeIDE_1.15.1/STM32CubeIDE/plugins/com.st.stm32cube.ide.mcu.externaltools.gnu-tools-for-stm32.12.3.rel1.win32_1.0.100.202403111256/tools/bin/../lib/gcc/arm-none-eabi/12.3.1/thumb/v6-m/nofp/crtbegin.o
 .ARM.attributes
                0x0000004a       0x2c ./Src/12c.o
 .ARM.attributes
                0x00000076       0x2c ./Src/main.o
 .ARM.attributes
                0x000000a2       0x2c ./Src/mpu6050.o
 .ARM.attributes
                0x000000ce       0x2c ./Src/pwm.o
 .ARM.attributes
                0x000000fa       0x2c ./Src/sysmem.o
 .ARM.attributes
                0x00000126       0x2c ./Src/system_config.o
 .ARM.attributes
                0x00000152       0x2c ./Src/uart.o
 .ARM.attributes
                0x0000017e       0x21 ./Startup/startup_stm32f091rctx.o
 .ARM.attributes
                0x0000019f       0x2c ../Lib\libstm_startup.a(clock.o)
 .ARM.attributes
                0x000001cb       0x2c ../Lib\libstm_startup.a(system_stm32f0xx.o)
 .ARM.attributes
                0x000001f7       0x2c C:/ST/STM32CubeIDE_1.15.1/STM32CubeIDE/plugins/com.st.stm32cube.ide.mcu.externaltools.gnu-tools-for-stm32.12.3.rel1.win32_1.0.100.202403111256/tools/bin/../lib/gcc/arm-none-eabi/12.3.1/../../../../arm-none-eabi/lib/thumb/v6-m/nofp\libc_nano.a(libc_a-findfp.o)
 .ARM.attributes
                0x00000223       0x2c C:/ST/STM32CubeIDE_1.15.1/STM32CubeIDE/plugins/com.st.stm32cube.ide.mcu.externaltools.gnu-tools-for-stm32.12.3.rel1.win32_1.0.100.202403111256/tools/bin/../lib/gcc/arm-none-eabi/12.3.1/../../../../arm-none-eabi/lib/thumb/v6-m/nofp\libc_nano.a(libc_a-sprintf.o)
 .ARM.attributes
                0x0000024f       0x2c C:/ST/STM32CubeIDE_1.15.1/STM32CubeIDE/plugins/com.st.stm32cube.ide.mcu.externaltools.gnu-tools-for-stm32.12.3.rel1.win32_1.0.100.202403111256/tools/bin/../lib/gcc/arm-none-eabi/12.3.1/../../../../arm-none-eabi/lib/thumb/v6-m/nofp\libc_nano.a(libc_a-reent.o)
 .ARM.attributes
                0x0000027b       0x2c C:/ST/STM32CubeIDE_1.15.1/STM32CubeIDE/plugins/com.st.stm32cube.ide.mcu.externaltools.gnu-tools-for-stm32.12.3.rel1.win32_1.0.100.202403111256/tools/bin/../lib/gcc/arm-none-eabi/12.3.1/../../../../arm-none-eabi/lib/thumb/v6-m/nofp\libc_nano.a(libc_a-impure.o)
 .ARM.attributes
                0x000002a7       0x2c C:/ST/STM32CubeIDE_1.15.1/STM32CubeIDE/plugins/com.st.stm32cube.ide.mcu.externaltools.gnu-tools-for-stm32.12.3.rel1.win32_1.0.100.202403111256/tools/bin/../lib/gcc/arm-none-eabi/12.3.1/../../../../arm-none-eabi/lib/thumb/v6-m/nofp\libc_nano.a(libc_a-errno.o)
 .ARM.attributes
                0x000002d3       0x2c C:/ST/STM32CubeIDE_1.15.1/STM32CubeIDE/plugins/com.st.stm32cube.ide.mcu.externaltools.gnu-tools-for-stm32.12.3.rel1.win32_1.0.100.202403111256/tools/bin/../lib/gcc/arm-none-eabi/12.3.1/../../../../arm-none-eabi/lib/thumb/v6-m/nofp\libc_nano.a(libc_a-init.o)
 .ARM.attributes
                0x000002ff       0x2c C:/ST/STM32CubeIDE_1.15.1/STM32CubeIDE/plugins/com.st.stm32cube.ide.mcu.externaltools.gnu-tools-for-stm32.12.3.rel1.win32_1.0.100.202403111256/tools/bin/../lib/gcc/arm-none-eabi/12.3.1/../../../../arm-none-eabi/lib/thumb/v6-m/nofp\libc_nano.a(libc_a-lock.o)
 .ARM.attributes
                0x0000032b       0x2c C:/ST/STM32CubeIDE_1.15.1/STM32CubeIDE/plugins/com.st.stm32cube.ide.mcu.externaltools.gnu-tools-for-stm32.12.3.rel1.win32_1.0.100.202403111256/tools/bin/../lib/gcc/arm-none-eabi/12.3.1/../../../../arm-none-eabi/lib/thumb/v6-m/nofp\libc_nano.a(libc_a-freer.o)
 .ARM.attributes
                0x00000357       0x2c C:/ST/STM32CubeIDE_1.15.1/STM32CubeIDE/plugins/com.st.stm32cube.ide.mcu.externaltools.gnu-tools-for-stm32.12.3.rel1.win32_1.0.100.202403111256/tools/bin/../lib/gcc/arm-none-eabi/12.3.1/../../../../arm-none-eabi/lib/thumb/v6-m/nofp\libc_nano.a(libc_a-mallocr.o)
 .ARM.attributes
                0x00000383       0x2c C:/ST/STM32CubeIDE_1.15.1/STM32CubeIDE/plugins/com.st.stm32cube.ide.mcu.externaltools.gnu-tools-for-stm32.12.3.rel1.win32_1.0.100.202403111256/tools/bin/../lib/gcc/arm-none-eabi/12.3.1/../../../../arm-none-eabi/lib/thumb/v6-m/nofp\libc_nano.a(libc_a-mlock.o)
 .ARM.attributes
                0x000003af       0x2c C:/ST/STM32CubeIDE_1.15.1/STM32CubeIDE/plugins/com.st.stm32cube.ide.mcu.externaltools.gnu-tools-for-stm32.12.3.rel1.win32_1.0.100.202403111256/tools/bin/../lib/gcc/arm-none-eabi/12.3.1/../../../../arm-none-eabi/lib/thumb/v6-m/nofp\libc_nano.a(libc_a-nano-svfprintf.o)
 .ARM.attributes
                0x000003db       0x2c C:/ST/STM32CubeIDE_1.15.1/STM32CubeIDE/plugins/com.st.stm32cube.ide.mcu.externaltools.gnu-tools-for-stm32.12.3.rel1.win32_1.0.100.202403111256/tools/bin/../lib/gcc/arm-none-eabi/12.3.1/../../../../arm-none-eabi/lib/thumb/v6-m/nofp\libc_nano.a(libc_a-nano-vfprintf_i.o)
 .ARM.attributes
                0x00000407       0x2c C:/ST/STM32CubeIDE_1.15.1/STM32CubeIDE/plugins/com.st.stm32cube.ide.mcu.externaltools.gnu-tools-for-stm32.12.3.rel1.win32_1.0.100.202403111256/tools/bin/../lib/gcc/arm-none-eabi/12.3.1/../../../../arm-none-eabi/lib/thumb/v6-m/nofp\libc_nano.a(libc_a-memmove.o)
 .ARM.attributes
                0x00000433       0x2c C:/ST/STM32CubeIDE_1.15.1/STM32CubeIDE/plugins/com.st.stm32cube.ide.mcu.externaltools.gnu-tools-for-stm32.12.3.rel1.win32_1.0.100.202403111256/tools/bin/../lib/gcc/arm-none-eabi/12.3.1/../../../../arm-none-eabi/lib/thumb/v6-m/nofp\libc_nano.a(libc_a-sbrkr.o)
 .ARM.attributes
                0x0000045f       0x2c C:/ST/STM32CubeIDE_1.15.1/STM32CubeIDE/plugins/com.st.stm32cube.ide.mcu.externaltools.gnu-tools-for-stm32.12.3.rel1.win32_1.0.100.202403111256/tools/bin/../lib/gcc/arm-none-eabi/12.3.1/../../../../arm-none-eabi/lib/thumb/v6-m/nofp\libc_nano.a(libc_a-memchr-stub.o)
 .ARM.attributes
                0x0000048b       0x2c C:/ST/STM32CubeIDE_1.15.1/STM32CubeIDE/plugins/com.st.stm32cube.ide.mcu.externaltools.gnu-tools-for-stm32.12.3.rel1.win32_1.0.100.202403111256/tools/bin/../lib/gcc/arm-none-eabi/12.3.1/../../../../arm-none-eabi/lib/thumb/v6-m/nofp\libc_nano.a(libc_a-memcpy-stub.o)
 .ARM.attributes
                0x000004b7       0x2c C:/ST/STM32CubeIDE_1.15.1/STM32CubeIDE/plugins/com.st.stm32cube.ide.mcu.externaltools.gnu-tools-for-stm32.12.3.rel1.win32_1.0.100.202403111256/tools/bin/../lib/gcc/arm-none-eabi/12.3.1/../../../../arm-none-eabi/lib/thumb/v6-m/nofp\libc_nano.a(libc_a-reallocr.o)
 .ARM.attributes
                0x000004e3       0x2c C:/ST/STM32CubeIDE_1.15.1/STM32CubeIDE/plugins/com.st.stm32cube.ide.mcu.externaltools.gnu-tools-for-stm32.12.3.rel1.win32_1.0.100.202403111256/tools/bin/../lib/gcc/arm-none-eabi/12.3.1/../../../../arm-none-eabi/lib/thumb/v6-m/nofp\libc_nano.a(libc_a-msizer.o)
 .ARM.attributes
                0x0000050f       0x1e C:/ST/STM32CubeIDE_1.15.1/STM32CubeIDE/plugins/com.st.stm32cube.ide.mcu.externaltools.gnu-tools-for-stm32.12.3.rel1.win32_1.0.100.202403111256/tools/bin/../lib/gcc/arm-none-eabi/12.3.1/thumb/v6-m/nofp\libgcc.a(_thumb1_case_shi.o)
 .ARM.attributes
                0x0000052d       0x1e C:/ST/STM32CubeIDE_1.15.1/STM32CubeIDE/plugins/com.st.stm32cube.ide.mcu.externaltools.gnu-tools-for-stm32.12.3.rel1.win32_1.0.100.202403111256/tools/bin/../lib/gcc/arm-none-eabi/12.3.1/thumb/v6-m/nofp\libgcc.a(_udivsi3.o)
 .ARM.attributes
                0x0000054b       0x1e C:/ST/STM32CubeIDE_1.15.1/STM32CubeIDE/plugins/com.st.stm32cube.ide.mcu.externaltools.gnu-tools-for-stm32.12.3.rel1.win32_1.0.100.202403111256/tools/bin/../lib/gcc/arm-none-eabi/12.3.1/thumb/v6-m/nofp\libgcc.a(_dvmd_tls.o)
 .ARM.attributes
                0x00000569       0x1e C:/ST/STM32CubeIDE_1.15.1/STM32CubeIDE/plugins/com.st.stm32cube.ide.mcu.externaltools.gnu-tools-for-stm32.12.3.rel1.win32_1.0.100.202403111256/tools/bin/../lib/gcc/arm-none-eabi/12.3.1/thumb/v6-m/nofp/crtn.o
OUTPUT(FINAL_PROJECT_sriramz2002.elf elf32-littlearm)
LOAD linker stubs
LOAD C:/ST/STM32CubeIDE_1.15.1/STM32CubeIDE/plugins/com.st.stm32cube.ide.mcu.externaltools.gnu-tools-for-stm32.12.3.rel1.win32_1.0.100.202403111256/tools/bin/../lib/gcc/arm-none-eabi/12.3.1/../../../../arm-none-eabi/lib/thumb/v6-m/nofp\libc.a
LOAD C:/ST/STM32CubeIDE_1.15.1/STM32CubeIDE/plugins/com.st.stm32cube.ide.mcu.externaltools.gnu-tools-for-stm32.12.3.rel1.win32_1.0.100.202403111256/tools/bin/../lib/gcc/arm-none-eabi/12.3.1/../../../../arm-none-eabi/lib/thumb/v6-m/nofp\libm.a
LOAD C:/ST/STM32CubeIDE_1.15.1/STM32CubeIDE/plugins/com.st.stm32cube.ide.mcu.externaltools.gnu-tools-for-stm32.12.3.rel1.win32_1.0.100.202403111256/tools/bin/../lib/gcc/arm-none-eabi/12.3.1/thumb/v6-m/nofp\libgcc.a

.debug_info     0x00000000     0x267d
 .debug_info    0x00000000      0x355 ./Src/12c.o
 .debug_info    0x00000355      0x5ea ./Src/main.o
 .debug_info    0x0000093f      0x625 ./Src/mpu6050.o
 .debug_info    0x00000f64      0x362 ./Src/pwm.o
 .debug_info    0x000012c6      0x168 ./Src/sysmem.o
 .debug_info    0x0000142e      0x69b ./Src/system_config.o
 .debug_info    0x00001ac9      0x73d ./Src/uart.o
 .debug_info    0x00002206       0x30 ./Startup/startup_stm32f091rctx.o
 .debug_info    0x00002236      0x1f4 ../Lib\libstm_startup.a(clock.o)
 .debug_info    0x0000242a      0x253 ../Lib\libstm_startup.a(system_stm32f0xx.o)

.debug_abbrev   0x00000000      0xc1b
 .debug_abbrev  0x00000000      0x119 ./Src/12c.o
 .debug_abbrev  0x00000119      0x1f4 ./Src/main.o
 .debug_abbrev  0x0000030d      0x196 ./Src/mpu6050.o
 .debug_abbrev  0x000004a3      0x116 ./Src/pwm.o
 .debug_abbrev  0x000005b9       0xbc ./Src/sysmem.o
 .debug_abbrev  0x00000675      0x1c5 ./Src/system_config.o
 .debug_abbrev  0x0000083a      0x1e9 ./Src/uart.o
 .debug_abbrev  0x00000a23       0x24 ./Startup/startup_stm32f091rctx.o
 .debug_abbrev  0x00000a47       0xa5 ../Lib\libstm_startup.a(clock.o)
 .debug_abbrev  0x00000aec      0x12f ../Lib\libstm_startup.a(system_stm32f0xx.o)

.debug_aranges  0x00000000      0x230
 .debug_aranges
                0x00000000       0x30 ./Src/12c.o
 .debug_aranges
                0x00000030       0x40 ./Src/main.o
 .debug_aranges
                0x00000070       0x48 ./Src/mpu6050.o
 .debug_aranges
                0x000000b8       0x30 ./Src/pwm.o
 .debug_aranges
                0x000000e8       0x20 ./Src/sysmem.o
 .debug_aranges
                0x00000108       0x50 ./Src/system_config.o
 .debug_aranges
                0x00000158       0x60 ./Src/uart.o
 .debug_aranges
                0x000001b8       0x28 ./Startup/startup_stm32f091rctx.o
 .debug_aranges
                0x000001e0       0x28 ../Lib\libstm_startup.a(clock.o)
 .debug_aranges
                0x00000208       0x28 ../Lib\libstm_startup.a(system_stm32f0xx.o)

.debug_rnglists
                0x00000000      0x18f
 .debug_rnglists
                0x00000000       0x22 ./Src/12c.o
 .debug_rnglists
                0x00000022       0x2c ./Src/main.o
 .debug_rnglists
                0x0000004e       0x36 ./Src/mpu6050.o
 .debug_rnglists
                0x00000084       0x20 ./Src/pwm.o
 .debug_rnglists
                0x000000a4       0x13 ./Src/sysmem.o
 .debug_rnglists
                0x000000b7       0x39 ./Src/system_config.o
 .debug_rnglists
                0x000000f0       0x51 ./Src/uart.o
 .debug_rnglists
                0x00000141       0x19 ./Startup/startup_stm32f091rctx.o
 .debug_rnglists
                0x0000015a       0x1a ../Lib\libstm_startup.a(clock.o)
 .debug_rnglists
                0x00000174       0x1b ../Lib\libstm_startup.a(system_stm32f0xx.o)

.debug_macro    0x00000000    0x13e4c
 .debug_macro   0x00000000       0xcd ./Src/12c.o
 .debug_macro   0x000000cd      0xa9c ./Src/12c.o
 .debug_macro   0x00000b69       0x22 ./Src/12c.o
 .debug_macro   0x00000b8b       0x8e ./Src/12c.o
 .debug_macro   0x00000c19       0x51 ./Src/12c.o
 .debug_macro   0x00000c6a      0x103 ./Src/12c.o
 .debug_macro   0x00000d6d       0x6a ./Src/12c.o
 .debug_macro   0x00000dd7      0x1df ./Src/12c.o
 .debug_macro   0x00000fb6       0x2e ./Src/12c.o
 .debug_macro   0x00000fe4       0x22 ./Src/12c.o
 .debug_macro   0x00001006       0x1c ./Src/12c.o
 .debug_macro   0x00001022       0x22 ./Src/12c.o
 .debug_macro   0x00001044       0xdd ./Src/12c.o
 .debug_macro   0x00001121      0x391 ./Src/12c.o
 .debug_macro   0x000014b2    0x10e4f ./Src/12c.o
 .debug_macro   0x00012301       0x28 ./Src/12c.o
 .debug_macro   0x00012329       0x66 ./Src/12c.o
 .debug_macro   0x0001238f      0x1e0 ./Src/main.o
 .debug_macro   0x0001256f       0x61 ./Src/main.o
 .debug_macro   0x000125d0       0x24 ./Src/main.o
 .debug_macro   0x000125f4       0x43 ./Src/main.o
 .debug_macro   0x00012637       0x34 ./Src/main.o
 .debug_macro   0x0001266b       0x16 ./Src/main.o
 .debug_macro   0x00012681       0x9e ./Src/main.o
 .debug_macro   0x0001271f      0x369 ./Src/main.o
 .debug_macro   0x00012a88      0x10b ./Src/main.o
 .debug_macro   0x00012b93       0x10 ./Src/main.o
 .debug_macro   0x00012ba3       0x16 ./Src/main.o
 .debug_macro   0x00012bb9       0x43 ./Src/main.o
 .debug_macro   0x00012bfc       0x34 ./Src/main.o
 .debug_macro   0x00012c30       0x10 ./Src/main.o
 .debug_macro   0x00012c40       0x58 ./Src/main.o
 .debug_macro   0x00012c98       0x8e ./Src/main.o
 .debug_macro   0x00012d26       0x1c ./Src/main.o
 .debug_macro   0x00012d42      0x177 ./Src/main.o
 .debug_macro   0x00012eb9       0x16 ./Src/main.o
 .debug_macro   0x00012ecf       0x16 ./Src/main.o
 .debug_macro   0x00012ee5      0x146 ./Src/main.o
 .debug_macro   0x0001302b       0x2e ./Src/main.o
 .debug_macro   0x00013059       0x34 ./Src/main.o
 .debug_macro   0x0001308d       0x2e ./Src/main.o
 .debug_macro   0x000130bb       0x10 ./Src/main.o
 .debug_macro   0x000130cb       0x28 ./Src/main.o
 .debug_macro   0x000130f3      0x1d2 ./Src/mpu6050.o
 .debug_macro   0x000132c5       0x8a ./Src/mpu6050.o
 .debug_macro   0x0001334f      0x1d6 ./Src/pwm.o
 .debug_macro   0x00013525       0xff ./Src/sysmem.o
 .debug_macro   0x00013624      0x23c ./Src/sysmem.o
 .debug_macro   0x00013860      0x1b8 ./Src/system_config.o
 .debug_macro   0x00013a18       0xc3 ./Src/uart.o
 .debug_macro   0x00013adb       0x28 ./Src/uart.o
 .debug_macro   0x00013b03      0x18c ../Lib\libstm_startup.a(clock.o)
 .debug_macro   0x00013c8f      0x1bd ../Lib\libstm_startup.a(system_stm32f0xx.o)

.debug_line     0x00000000     0x3f51
 .debug_line    0x00000000      0x685 ./Src/12c.o
 .debug_line    0x00000685      0x73e ./Src/main.o
 .debug_line    0x00000dc3      0x85e ./Src/mpu6050.o
 .debug_line    0x00001621      0x6cb ./Src/pwm.o
 .debug_line    0x00001cec      0x57e ./Src/sysmem.o
 .debug_line    0x0000226a      0x7f5 ./Src/system_config.o
 .debug_line    0x00002a5f      0x67e ./Src/uart.o
 .debug_line    0x000030dd       0x7c ./Startup/startup_stm32f091rctx.o
 .debug_line    0x00003159      0x700 ../Lib\libstm_startup.a(clock.o)
 .debug_line    0x00003859      0x6f8 ../Lib\libstm_startup.a(system_stm32f0xx.o)

.debug_str      0x00000000    0x66eb8
 .debug_str     0x00000000    0x6271d ./Src/12c.o
                              0x62893 (size before relaxing)
 .debug_str     0x0006271d     0x3eba ./Src/main.o
                              0x667d3 (size before relaxing)
 .debug_str     0x000665d7       0xf2 ./Src/mpu6050.o
                              0x6659b (size before relaxing)
 .debug_str     0x000666c9       0x13 ./Src/pwm.o
                              0x66411 (size before relaxing)
 .debug_str     0x000666dc      0x4d7 ./Src/sysmem.o
                               0x6013 (size before relaxing)
 .debug_str     0x00066bb3       0x9e ./Src/system_config.o
                              0x666d5 (size before relaxing)
 .debug_str     0x00066c51       0x85 ./Src/uart.o
                              0x62b80 (size before relaxing)
 .debug_str     0x00066cd6       0x3f ./Startup/startup_stm32f091rctx.o
                                 0xad (size before relaxing)
 .debug_str     0x00066d15       0xd3 ../Lib\libstm_startup.a(clock.o)
                              0x65cbb (size before relaxing)
 .debug_str     0x00066de8       0xd0 ../Lib\libstm_startup.a(system_stm32f0xx.o)
                              0x662d3 (size before relaxing)

.comment        0x00000000       0x43
 .comment       0x00000000       0x43 ./Src/12c.o
                                 0x44 (size before relaxing)
 .comment       0x00000043       0x44 ./Src/main.o
 .comment       0x00000043       0x44 ./Src/mpu6050.o
 .comment       0x00000043       0x44 ./Src/pwm.o
 .comment       0x00000043       0x44 ./Src/sysmem.o
 .comment       0x00000043       0x44 ./Src/system_config.o
 .comment       0x00000043       0x44 ./Src/uart.o
 .comment       0x00000043       0x44 ../Lib\libstm_startup.a(clock.o)
 .comment       0x00000043       0x44 ../Lib\libstm_startup.a(system_stm32f0xx.o)

.debug_frame    0x00000000      0xa5c
 .debug_frame   0x00000000       0x6c ./Src/12c.o
 .debug_frame   0x0000006c       0xa4 ./Src/main.o
 .debug_frame   0x00000110       0xe0 ./Src/mpu6050.o
 .debug_frame   0x000001f0       0x68 ./Src/pwm.o
 .debug_frame   0x00000258       0x30 ./Src/sysmem.o
 .debug_frame   0x00000288       0xe0 ./Src/system_config.o
 .debug_frame   0x00000368      0x124 ./Src/uart.o
 .debug_frame   0x0000048c       0x48 ../Lib\libstm_startup.a(clock.o)
 .debug_frame   0x000004d4       0x4c ../Lib\libstm_startup.a(system_stm32f0xx.o)
 .debug_frame   0x00000520      0x138 C:/ST/STM32CubeIDE_1.15.1/STM32CubeIDE/plugins/com.st.stm32cube.ide.mcu.externaltools.gnu-tools-for-stm32.12.3.rel1.win32_1.0.100.202403111256/tools/bin/../lib/gcc/arm-none-eabi/12.3.1/../../../../arm-none-eabi/lib/thumb/v6-m/nofp\libc_nano.a(libc_a-findfp.o)
 .debug_frame   0x00000658       0x48 C:/ST/STM32CubeIDE_1.15.1/STM32CubeIDE/plugins/com.st.stm32cube.ide.mcu.externaltools.gnu-tools-for-stm32.12.3.rel1.win32_1.0.100.202403111256/tools/bin/../lib/gcc/arm-none-eabi/12.3.1/../../../../arm-none-eabi/lib/thumb/v6-m/nofp\libc_nano.a(libc_a-sprintf.o)
 .debug_frame   0x000006a0       0x2c C:/ST/STM32CubeIDE_1.15.1/STM32CubeIDE/plugins/com.st.stm32cube.ide.mcu.externaltools.gnu-tools-for-stm32.12.3.rel1.win32_1.0.100.202403111256/tools/bin/../lib/gcc/arm-none-eabi/12.3.1/../../../../arm-none-eabi/lib/thumb/v6-m/nofp\libc_nano.a(libc_a-reent.o)
 .debug_frame   0x000006cc       0x20 C:/ST/STM32CubeIDE_1.15.1/STM32CubeIDE/plugins/com.st.stm32cube.ide.mcu.externaltools.gnu-tools-for-stm32.12.3.rel1.win32_1.0.100.202403111256/tools/bin/../lib/gcc/arm-none-eabi/12.3.1/../../../../arm-none-eabi/lib/thumb/v6-m/nofp\libc_nano.a(libc_a-errno.o)
 .debug_frame   0x000006ec       0x2c C:/ST/STM32CubeIDE_1.15.1/STM32CubeIDE/plugins/com.st.stm32cube.ide.mcu.externaltools.gnu-tools-for-stm32.12.3.rel1.win32_1.0.100.202403111256/tools/bin/../lib/gcc/arm-none-eabi/12.3.1/../../../../arm-none-eabi/lib/thumb/v6-m/nofp\libc_nano.a(libc_a-init.o)
 .debug_frame   0x00000718       0xb0 C:/ST/STM32CubeIDE_1.15.1/STM32CubeIDE/plugins/com.st.stm32cube.ide.mcu.externaltools.gnu-tools-for-stm32.12.3.rel1.win32_1.0.100.202403111256/tools/bin/../lib/gcc/arm-none-eabi/12.3.1/../../../../arm-none-eabi/lib/thumb/v6-m/nofp\libc_nano.a(libc_a-lock.o)
 .debug_frame   0x000007c8       0x2c C:/ST/STM32CubeIDE_1.15.1/STM32CubeIDE/plugins/com.st.stm32cube.ide.mcu.externaltools.gnu-tools-for-stm32.12.3.rel1.win32_1.0.100.202403111256/tools/bin/../lib/gcc/arm-none-eabi/12.3.1/../../../../arm-none-eabi/lib/thumb/v6-m/nofp\libc_nano.a(libc_a-freer.o)
 .debug_frame   0x000007f4       0x50 C:/ST/STM32CubeIDE_1.15.1/STM32CubeIDE/plugins/com.st.stm32cube.ide.mcu.externaltools.gnu-tools-for-stm32.12.3.rel1.win32_1.0.100.202403111256/tools/bin/../lib/gcc/arm-none-eabi/12.3.1/../../../../arm-none-eabi/lib/thumb/v6-m/nofp\libc_nano.a(libc_a-mallocr.o)
 .debug_frame   0x00000844       0x40 C:/ST/STM32CubeIDE_1.15.1/STM32CubeIDE/plugins/com.st.stm32cube.ide.mcu.externaltools.gnu-tools-for-stm32.12.3.rel1.win32_1.0.100.202403111256/tools/bin/../lib/gcc/arm-none-eabi/12.3.1/../../../../arm-none-eabi/lib/thumb/v6-m/nofp\libc_nano.a(libc_a-mlock.o)
 .debug_frame   0x00000884       0x74 C:/ST/STM32CubeIDE_1.15.1/STM32CubeIDE/plugins/com.st.stm32cube.ide.mcu.externaltools.gnu-tools-for-stm32.12.3.rel1.win32_1.0.100.202403111256/tools/bin/../lib/gcc/arm-none-eabi/12.3.1/../../../../arm-none-eabi/lib/thumb/v6-m/nofp\libc_nano.a(libc_a-nano-svfprintf.o)
 .debug_frame   0x000008f8       0x54 C:/ST/STM32CubeIDE_1.15.1/STM32CubeIDE/plugins/com.st.stm32cube.ide.mcu.externaltools.gnu-tools-for-stm32.12.3.rel1.win32_1.0.100.202403111256/tools/bin/../lib/gcc/arm-none-eabi/12.3.1/../../../../arm-none-eabi/lib/thumb/v6-m/nofp\libc_nano.a(libc_a-nano-vfprintf_i.o)
 .debug_frame   0x0000094c       0x28 C:/ST/STM32CubeIDE_1.15.1/STM32CubeIDE/plugins/com.st.stm32cube.ide.mcu.externaltools.gnu-tools-for-stm32.12.3.rel1.win32_1.0.100.202403111256/tools/bin/../lib/gcc/arm-none-eabi/12.3.1/../../../../arm-none-eabi/lib/thumb/v6-m/nofp\libc_nano.a(libc_a-memmove.o)
 .debug_frame   0x00000974       0x2c C:/ST/STM32CubeIDE_1.15.1/STM32CubeIDE/plugins/com.st.stm32cube.ide.mcu.externaltools.gnu-tools-for-stm32.12.3.rel1.win32_1.0.100.202403111256/tools/bin/../lib/gcc/arm-none-eabi/12.3.1/../../../../arm-none-eabi/lib/thumb/v6-m/nofp\libc_nano.a(libc_a-sbrkr.o)
 .debug_frame   0x000009a0       0x20 C:/ST/STM32CubeIDE_1.15.1/STM32CubeIDE/plugins/com.st.stm32cube.ide.mcu.externaltools.gnu-tools-for-stm32.12.3.rel1.win32_1.0.100.202403111256/tools/bin/../lib/gcc/arm-none-eabi/12.3.1/../../../../arm-none-eabi/lib/thumb/v6-m/nofp\libc_nano.a(libc_a-memchr-stub.o)
 .debug_frame   0x000009c0       0x28 C:/ST/STM32CubeIDE_1.15.1/STM32CubeIDE/plugins/com.st.stm32cube.ide.mcu.externaltools.gnu-tools-for-stm32.12.3.rel1.win32_1.0.100.202403111256/tools/bin/../lib/gcc/arm-none-eabi/12.3.1/../../../../arm-none-eabi/lib/thumb/v6-m/nofp\libc_nano.a(libc_a-memcpy-stub.o)
 .debug_frame   0x000009e8       0x34 C:/ST/STM32CubeIDE_1.15.1/STM32CubeIDE/plugins/com.st.stm32cube.ide.mcu.externaltools.gnu-tools-for-stm32.12.3.rel1.win32_1.0.100.202403111256/tools/bin/../lib/gcc/arm-none-eabi/12.3.1/../../../../arm-none-eabi/lib/thumb/v6-m/nofp\libc_nano.a(libc_a-reallocr.o)
 .debug_frame   0x00000a1c       0x20 C:/ST/STM32CubeIDE_1.15.1/STM32CubeIDE/plugins/com.st.stm32cube.ide.mcu.externaltools.gnu-tools-for-stm32.12.3.rel1.win32_1.0.100.202403111256/tools/bin/../lib/gcc/arm-none-eabi/12.3.1/../../../../arm-none-eabi/lib/thumb/v6-m/nofp\libc_nano.a(libc_a-msizer.o)
 .debug_frame   0x00000a3c       0x20 C:/ST/STM32CubeIDE_1.15.1/STM32CubeIDE/plugins/com.st.stm32cube.ide.mcu.externaltools.gnu-tools-for-stm32.12.3.rel1.win32_1.0.100.202403111256/tools/bin/../lib/gcc/arm-none-eabi/12.3.1/thumb/v6-m/nofp\libgcc.a(_udivsi3.o)

.debug_line_str
                0x00000000       0x91
 .debug_line_str
                0x00000000       0x91 ./Startup/startup_stm32f091rctx.o
